layer at (0,0) size 800x600
  RenderView at (0,0) size 800x600
layer at (0,0) size 800x600
  RenderBlock {HTML} at (0,0) size 800x600
    RenderBody {BODY} at (8,8) size 784x576
      RenderBlock (anonymous) at (0,0) size 784x38
        RenderText {#text} at (0,1) size 759x36
          text run at (0,1) width 579: "The following tests text iteration over RTL text embedded with LTR text. "
          text run at (579,1) width 180: "TextIterators are used"
          text run at (0,20) width 277: "for find, spellcheck, and .innerText"
      RenderBlock {HR} at (0,46) size 784x2 [border: (1px inset #000000)]
      RenderBlock (anonymous) at (0,56) size 784x19
        RenderText {#text} at (0,1) size 170x17
          text run at (0,1) width 170: "Embedded Numbers:"
      RenderBlock {DIV} at (0,75) size 784x18 [color=#0000FF]
        RenderText {#text} at (0,0) size 134x17
          text run at (0,0) width 69: "Testing ("
          text run at (69,0) width 15 RTL: "\x{5DF}\x{5DE}"
          text run at (84,0) width 10: "3"
          text run at (94,0) width 34 RTL: "\x{5D7}\x{5D5}\x{5D3}\x{5D0}"
          text run at (128,0) width 6: ")"
      RenderBlock (anonymous) at (0,93) size 784x19
        RenderText {#text} at (0,1) size 127x17
          text run at (0,1) width 127: "Embedded LTR:"
      RenderBlock {DIV} at (0,112) size 784x18 [color=#0000FF]
        RenderText {#text} at (0,0) size 162x17
          text run at (0,0) width 69: "Testing ("
          text run at (69,0) width 34 RTL: "\x{5D7}\x{5D5}\x{5D3}\x{5D0}"
          text run at (103,0) width 38: "hello"
          text run at (141,0) width 15 RTL: "\x{5DF}\x{5DE}"
          text run at (156,0) width 6: ")"
      RenderBlock (anonymous) at (0,130) size 784x19
        RenderText {#text} at (0,1) size 234x17
          text run at (0,1) width 234: "Embedded Numbers and LTR"
      RenderBlock {DIV} at (0,149) size 784x18 [color=#0000FF]
        RenderText {#text} at (0,0) size 154x17
          text run at (0,0) width 69: "Testing ("
          text run at (69,0) width 27 RTL: "\x{5E7}\x{5E7}\x{5E8}"
          text run at (96,0) width 10: "3"
          text run at (106,0) width 32 RTL: "\x{5D9}\x{5E7}\x{5DD}\x{5DC}"
          text run at (138,0) width 16: "h)"
      RenderBlock (anonymous) at (0,167) size 784x19
        RenderText {#text} at (0,1) size 274x17
          text run at (0,1) width 274: "Embedded Numbers with spacing:"
      RenderBlock {DIV} at (0,186) size 784x18 [color=#0000FF]
        RenderText {#text} at (0,0) size 290x17
          text run at (0,0) width 69: "Testing ("
          text run at (69,0) width 39 RTL: " \x{5D7}\x{5D5}\x{5D3}\x{5D0}"
          text run at (108,0) width 30: "300"
          text run at (138,0) width 54 RTL: "\x{5D7}\x{5D5}\x{5D3}\x{5D0}\x{5DF}\x{5DE} "
          text run at (192,0) width 50: "34023"
          text run at (242,0) width 42 RTL: "\x{5D9}\x{5E7}\x{5DA}\x{5DA}\x{5DD}"
          text run at (284,0) width 6: ")"
      RenderBlock (anonymous) at (0,204) size 784x19
        RenderText {#text} at (0,1) size 79x17
          text run at (0,1) width 79: "Plain LTR:"
      RenderBlock {DIV} at (0,223) size 784x19 [color=#0000FF]
        RenderText {#text} at (0,1) size 113x17
          text run at (0,1) width 113: "Testing (hello)"
      RenderBlock (anonymous) at (0,242) size 784x19
        RenderText {#text} at (0,1) size 231x17
          text run at (0,1) width 231: "Embedded LTR with spacing:"
      RenderBlock {DIV} at (0,261) size 784x18 [color=#0000FF]
        RenderText {#text} at (0,0) size 208x17
          text run at (0,0) width 69: "Testing ("
          text run at (69,0) width 66 RTL: "\x{5D7}\x{5D5}\x{5D3}\x{5D9}\x{5E7}\x{5DA}\x{5DA}\x{5DD}"
          text run at (135,0) width 48: " hello "
          text run at (183,0) width 19 RTL: "\x{5DF}\x{5DE}\x{5D9}"
          text run at (202,0) width 6: ")"
      RenderBlock (anonymous) at (0,279) size 784x19
        RenderText {#text} at (0,1) size 206x17
          text run at (0,1) width 206: "Mixed but not embedded:"
      RenderBlock {DIV} at (0,298) size 784x18 [color=#0000FF]
        RenderText {#text} at (0,0) size 152x17
          text run at (0,0) width 107: "Testing (hello"
          text run at (107,0) width 39 RTL: "\x{5D7}\x{5D5}\x{5D3}\x{5DF}\x{5DE}"
          text run at (146,0) width 6: ")"
      RenderBlock (anonymous) at (0,316) size 784x19
        RenderText {#text} at (0,1) size 206x17
          text run at (0,1) width 206: "Mixed but not embedded:"
      RenderBlock {DIV} at (0,335) size 784x18 [color=#0000FF]
        RenderText {#text} at (0,0) size 152x17
          text run at (0,0) width 69: "Testing ("
          text run at (69,0) width 39 RTL: "\x{5D7}\x{5D5}\x{5D3}\x{5DF}\x{5DE}"
          text run at (108,0) width 44: "hello)"
      RenderBlock {OL} at (0,369) size 784x0
